🎲🎲🎲 EXIT CODE: 0 🎲🎲🎲
🟩🟩🟩 STDOUT️ 🟩🟩🟩️
ID              6bead819-3256-49ca-896e-85dee5fdd23e
OrganizationID  d3520a52-2c75-4ba0-bda8-82dd087f07f2
ProjectID       d3520a52-2c75-4ba0-bda8-82dd087f07f2
Description     -
UpdatedAt       few seconds ago
CreatedAt       few seconds ago
Status          attached
IPAddress       51.159.125.10/32
ServerID        5ffa111d-2caa-490a-8dde-13fd86a3016f
Reverse         51-159-125-10.rev.poneytelecom.eu.
Zone            fr-par-1
🟩🟩🟩 JSON STDOUT 🟩🟩🟩
{
  "id": "6bead819-3256-49ca-896e-85dee5fdd23e",
  "organization_id": "d3520a52-2c75-4ba0-bda8-82dd087f07f2",
  "project_id": "d3520a52-2c75-4ba0-bda8-82dd087f07f2",
  "description": "",
  "tags": [],
  "updated_at": "1970-01-01T00:00:00.0Z",
  "created_at": "1970-01-01T00:00:00.0Z",
  "status": "attached",
  "ip_address": "51.159.125.10/32",
  "mac_address": null,
  "server_id": "5ffa111d-2caa-490a-8dde-13fd86a3016f",
  "reverse": "51-159-125-10.rev.poneytelecom.eu.",
  "zone": "fr-par-1"
}
