🎲🎲🎲 EXIT CODE: 0 🎲🎲🎲
🟩🟩🟩 STDOUT️ 🟩🟩🟩️
ID              d364710a-3859-4771-a9a2-dcb7d9d81d7d
OrganizationID  d3520a52-2c75-4ba0-bda8-82dd087f07f2
ProjectID       d3520a52-2c75-4ba0-bda8-82dd087f07f2
Description     -
UpdatedAt       few seconds ago
CreatedAt       few seconds ago
Status          updating
IPAddress       62.210.142.203/32
Reverse         62-210-142-203.rev.poneytelecom.eu.
Zone            fr-par-1
🟩🟩🟩 JSON STDOUT 🟩🟩🟩
{
  "id": "d364710a-3859-4771-a9a2-dcb7d9d81d7d",
  "organization_id": "d3520a52-2c75-4ba0-bda8-82dd087f07f2",
  "project_id": "d3520a52-2c75-4ba0-bda8-82dd087f07f2",
  "description": "",
  "tags": [],
  "updated_at": "1970-01-01T00:00:00.0Z",
  "created_at": "1970-01-01T00:00:00.0Z",
  "status": "updating",
  "ip_address": "62.210.142.203/32",
  "mac_address": null,
  "server_id": null,
  "reverse": "62-210-142-203.rev.poneytelecom.eu.",
  "zone": "fr-par-1"
}
