🎲🎲🎲 EXIT CODE: 0 🎲🎲🎲
🟩🟩🟩 STDOUT️ 🟩🟩🟩️
ID         7af205f0-77f2-4fa4-bee9-8a92733fbf14
Name       cli-llm-gallant-dhawan
ProjectID  894cc948-1194-4357-9320-57cefcb7b0e5
Status     ready
NodeType   L4
Size       1
MinSize    1
MaxSize    1
ModelName  meta/llama-2-7b-chat:fp16
CreatedAt  few seconds ago
UpdatedAt  few seconds ago
Region     fr-srr

Endpoints:
ID                                    URL                                                                DISABLE AUTH
e8a02e41-a455-4650-92e5-86d78454486d  https://7af205f0-77f2-4fa4-bee9-8a92733fbf14.ifr.fr-srr.scw.cloud  false
🟩🟩🟩 JSON STDOUT 🟩🟩🟩
{
  "id": "7af205f0-77f2-4fa4-bee9-8a92733fbf14",
  "name": "cli-llm-gallant-dhawan",
  "project_id": "894cc948-1194-4357-9320-57cefcb7b0e5",
  "status": "ready",
  "tags": [],
  "node_type": "L4",
  "endpoints": [
    {
      "id": "e8a02e41-a455-4650-92e5-86d78454486d",
      "url": "https://7af205f0-77f2-4fa4-bee9-8a92733fbf14.ifr.fr-srr.scw.cloud",
      "public_access": {},
      "disable_auth": false
    }
  ],
  "size": 1,
  "min_size": 1,
  "max_size": 1,
  "error_message": null,
  "model_name": "meta/llama-2-7b-chat:fp16",
  "created_at": "1970-01-01T00:00:00.0Z",
  "updated_at": "1970-01-01T00:00:00.0Z",
  "region": "fr-srr"
}
