🎲🎲🎲 EXIT CODE: 0 🎲🎲🎲
🟩🟩🟩 STDOUT️ 🟩🟩🟩️
ID         4b53b9b9-c940-4c3b-8db9-e7337bb66f93
Name       cli-llm-great-joliot
ProjectID  894cc948-1194-4357-9320-57cefcb7b0e5
Status     creating
NodeType   L4
Size       0
MinSize    1
MaxSize    1
ModelName  meta/llama-3-8b-instruct:bf16
CreatedAt  few seconds ago
Region     fr-srr

Endpoints:
ID                                    URL                                                                DISABLE AUTH
be7d860c-5948-4822-8e26-1c730bab7213  https://4b53b9b9-c940-4c3b-8db9-e7337bb66f93.ifr.fr-srr.scw.cloud  false
🟩🟩🟩 JSON STDOUT 🟩🟩🟩
{
  "id": "4b53b9b9-c940-4c3b-8db9-e7337bb66f93",
  "name": "cli-llm-great-joliot",
  "project_id": "894cc948-1194-4357-9320-57cefcb7b0e5",
  "status": "creating",
  "tags": [],
  "node_type": "L4",
  "endpoints": [
    {
      "id": "be7d860c-5948-4822-8e26-1c730bab7213",
      "url": "https://4b53b9b9-c940-4c3b-8db9-e7337bb66f93.ifr.fr-srr.scw.cloud",
      "public_access": {},
      "disable_auth": false
    }
  ],
  "size": 0,
  "min_size": 1,
  "max_size": 1,
  "error_message": null,
  "model_name": "meta/llama-3-8b-instruct:bf16",
  "created_at": "1970-01-01T00:00:00.0Z",
  "updated_at": null,
  "region": "fr-srr"
}
